# chartsnap: snapshot_version=v3
---
apiVersion: helm-chartsnap.jlandowner.dev/v1alpha1
kind: Unknown
metadata:
  name: helm-output
  labels:
    helm.sh/chart: '###CHART_VERSION###'
raw: |
  Error: An error occurred while checking for chart dependencies. You may need to run `helm dependency build` to fetch missing dependencies: found in Chart.yaml, but missing in charts/ directory: wandb-base, wandb-base, wandb-base, wandb-base, wandb-base, wandb-base, wandb-base, wandb-base, wandb-base, wandb-base, wandb-base, wandb-base, wandb-base, wandb-base, wandb-base, wandb-base, wandb-base, wandb-base, reloader
